Pracownia\Projekt\Spring\Controllers\UserController.class
Pracownia\Projekt\Spring\Exception\ResourceNotFoundException.class
Pracownia\Projekt\Spring\Security\oauth2\OAuth2AuthenticationSuccessHandler.class
Pracownia\Projekt\Spring\Services\AddressService.class
Pracownia\Projekt\Spring\Repositories\UserRepository.class
Pracownia\Projekt\Spring\Services\LibraryServiceImpl.class
Pracownia\Projekt\Spring\Services\BooksServiceImpl.class
Pracownia\Projekt\Spring\Entities\Person.class
Pracownia\Projekt\Spring\Config\AppProperties.class
Pracownia\Projekt\Spring\Repositories\AddressRepository.class
Pracownia\Projekt\Spring\Services\PersonServiceImpl.class
Pracownia\Projekt\Spring\Controllers\AddressController.class
Pracownia\Projekt\Spring\Controllers\PersonController.class
Pracownia\Projekt\Spring\Exception\BadRequestException.class
META-INF\spring-configuration-metadata.json
Pracownia\Projekt\Spring\Exception\RestAuthenticationEntryPoint.class
Pracownia\Projekt\Spring\Entities\User.class
Pracownia\Projekt\Spring\SpringApp.class
Pracownia\Projekt\Spring\Security\TokenProvider.class
Pracownia\Projekt\Spring\Services\LibraryService.class
Pracownia\Projekt\Spring\Repositories\BooksRepository.class
Pracownia\Projekt\Spring\Services\AuthorsService.class
Pracownia\Projekt\Spring\Config\AppProperties$Auth.class
Pracownia\Projekt\Spring\Entities\Library.class
Pracownia\Projekt\Spring\Services\PersonService.class
Pracownia\Projekt\Spring\Controllers\IndexController.class
Pracownia\Projekt\Spring\Repositories\PersonRepository.class
Pracownia\Projekt\Spring\Services\BooksService.class
Pracownia\Projekt\Spring\Security\TokenAuthenticationFilter.class
Pracownia\Projekt\Spring\Entities\UserPrincipal.class
Pracownia\Projekt\Spring\Config\WebMvcConfig.class
Pracownia\Projekt\Spring\Controllers\AuthorsController.class
Pracownia\Projekt\Spring\Services\AddressServiceImpl.class
Pracownia\Projekt\Spring\Entities\Address.class
Pracownia\Projekt\Spring\Config\AppProperties$OAuth2.class
Pracownia\Projekt\Spring\Repositories\LibraryRepository.class
Pracownia\Projekt\Spring\Services\AuthorsServiceImpl.class
Pracownia\Projekt\Spring\Config\SecurityConfig.class
Pracownia\Projekt\Spring\Entities\Authors.class
Pracownia\Projekt\Spring\Entities\Books.class
Pracownia\Projekt\Spring\Controllers\BooksController.class
Pracownia\Projekt\Spring\Controllers\LibraryController.class
Pracownia\Projekt\Spring\Repositories\AuthorsRepository.class
Pracownia\Projekt\Spring\Security\CustomUserDetailsService.class
